// Jest Snapshot v1, https://goo.gl/fbAQLP

exports[`/components/confirmAddUserForNotifications should match snapshot 1`] = `
<div>
  <div
    class="Dialog dialog-back confirmation-dialog-box size--small"
  >
    <div
      class="backdrop"
    />
    <div
      class="wrapper"
    >
      <div
        class="dialog"
        role="dialog"
      >
        <div
          class="toolbar"
        >
          <div>
            <h1
              class="dialog-title"
            />
          </div>
          <div
            class="toolbar--right"
          >
            <button
              aria-label="Close dialog"
              class="IconButton dialog__close size--medium"
              title="Close dialog"
              type="button"
            >
              <i
                class="CompassIcon icon-close CloseIcon"
              />
            </button>
          </div>
        </div>
        <div
          class="box-area"
          title="Confirmation Dialog Box"
        >
          <h3
            class="text-heading5"
          >
            Add fake-username to board
          </h3>
          <div
            class="sub-text"
          >
            <div
              class="ConfirmAddUserForNotifications"
            >
              <p>
                fake-username is not a member of the board, and will not receive any notifications about it.
              </p>
              <p>
                Do you want to add fake-username to the board?
              </p>
              <div
                class="permissions-title"
              >
                <label>
                  Permissions
                </label>
              </div>
              <div
                class="select css-b62m3t-container"
              >
                <span
                  class="css-1f43avz-a11yText-A11yText"
                  id="react-select-2-live-region"
                />
                <span
                  aria-atomic="false"
                  aria-live="polite"
                  aria-relevant="additions text"
                  class="css-1f43avz-a11yText-A11yText"
                />
                <div
                  class=" css-13cymwt-control"
                >
                  <div
                    class=" css-1fdsijx-ValueContainer"
                  >
                    <div
                      class=" css-1dimb5e-singleValue"
                    >
                      Editor
                    </div>
                    <div
                      class=" css-qbdosj-Input"
                      data-value=""
                    >
                      <input
                        aria-autocomplete="list"
                        aria-expanded="false"
                        aria-haspopup="true"
                        autocapitalize="none"
                        autocomplete="off"
                        autocorrect="off"
                        class=""
                        id="react-select-2-input"
                        role="combobox"
                        spellcheck="false"
                        style="opacity: 1; width: 100%; grid-area: 1 / 2; min-width: 2px; border: 0px; margin: 0px; outline: 0; padding: 0px;"
                        tabindex="0"
                        type="text"
                        value=""
                      />
                    </div>
                  </div>
                  <div
                    class=" css-1hb7zxy-IndicatorsContainer"
                  >
                    <span
                      class=" css-1u9des2-indicatorSeparator"
                    />
                    <div
                      aria-hidden="true"
                      class=" css-1xc3v61-indicatorContainer"
                    >
                      <svg
                        aria-hidden="true"
                        class="css-tj5bde-Svg"
                        focusable="false"
                        height="20"
                        viewBox="0 0 20 20"
                        width="20"
                      >
                        <path
                          d="M4.516 7.548c0.436-0.446 1.043-0.481 1.576 0l3.908 3.747 3.908-3.747c0.533-0.481 1.141-0.446 1.574 0 0.436 0.445 0.408 1.197 0 1.615-0.406 0.418-4.695 4.502-4.695 4.502-0.217 0.223-0.502 0.335-0.787 0.335s-0.57-0.112-0.789-0.335c0 0-4.287-4.084-4.695-4.502s-0.436-1.17 0-1.615z"
                        />
                      </svg>
                    </div>
                  </div>
                </div>
              </div>
            </div>
          </div>
          <div
            class="action-buttons"
          >
            <button
              class="Button emphasis--tertiary size--medium"
              title="Cancel"
              type="button"
            >
              <span>
                Cancel
              </span>
            </button>
            <button
              class="Button filled size--medium"
              title="Add to board"
              type="submit"
            >
              <span>
                Add to board
              </span>
            </button>
          </div>
        </div>
      </div>
    </div>
  </div>
</div>
`;
